// Jest Snapshot v1, https://goo.gl/fbAQLP

exports[`Empty Stack 1`] = `
Object {
  "Parameters": Object {
    "AssetParameters8cb9c9d3e8d7c6d5edabcb692807b7e44de75b5abfed0d95b60eed636ef2a454ArtifactHash38F4EC5B": Object {
      "Description": "Artifact hash for asset \\"8cb9c9d3e8d7c6d5edabcb692807b7e44de75b5abfed0d95b60eed636ef2a454\\"",
      "Type": "String",
    },
    "AssetParameters8cb9c9d3e8d7c6d5edabcb692807b7e44de75b5abfed0d95b60eed636ef2a454S3BucketBC49F77C": Object {
      "Description": "S3 bucket for asset \\"8cb9c9d3e8d7c6d5edabcb692807b7e44de75b5abfed0d95b60eed636ef2a454\\"",
      "Type": "String",
    },
    "AssetParameters8cb9c9d3e8d7c6d5edabcb692807b7e44de75b5abfed0d95b60eed636ef2a454S3VersionKey134A241F": Object {
      "Description": "S3 key for asset version \\"8cb9c9d3e8d7c6d5edabcb692807b7e44de75b5abfed0d95b60eed636ef2a454\\"",
      "Type": "String",
    },
    "AssetParametersc24b999656e4fe6c609c31bae56a1cf4717a405619c3aa6ba1bc686b8c2c86cfArtifactHash85F58E48": Object {
      "Description": "Artifact hash for asset \\"c24b999656e4fe6c609c31bae56a1cf4717a405619c3aa6ba1bc686b8c2c86cf\\"",
      "Type": "String",
    },
    "AssetParametersc24b999656e4fe6c609c31bae56a1cf4717a405619c3aa6ba1bc686b8c2c86cfS3Bucket55EFA30C": Object {
      "Description": "S3 bucket for asset \\"c24b999656e4fe6c609c31bae56a1cf4717a405619c3aa6ba1bc686b8c2c86cf\\"",
      "Type": "String",
    },
    "AssetParametersc24b999656e4fe6c609c31bae56a1cf4717a405619c3aa6ba1bc686b8c2c86cfS3VersionKey60329B70": Object {
      "Description": "S3 key for asset version \\"c24b999656e4fe6c609c31bae56a1cf4717a405619c3aa6ba1bc686b8c2c86cf\\"",
      "Type": "String",
    },
    "AssetParameterse9882ab123687399f934da0d45effe675ecc8ce13b40cb946f3e1d6141fe8d68ArtifactHashD9A515C3": Object {
      "Description": "Artifact hash for asset \\"e9882ab123687399f934da0d45effe675ecc8ce13b40cb946f3e1d6141fe8d68\\"",
      "Type": "String",
    },
    "AssetParameterse9882ab123687399f934da0d45effe675ecc8ce13b40cb946f3e1d6141fe8d68S3BucketAEADE8C7": Object {
      "Description": "S3 bucket for asset \\"e9882ab123687399f934da0d45effe675ecc8ce13b40cb946f3e1d6141fe8d68\\"",
      "Type": "String",
    },
    "AssetParameterse9882ab123687399f934da0d45effe675ecc8ce13b40cb946f3e1d6141fe8d68S3VersionKeyE415415F": Object {
      "Description": "S3 key for asset version \\"e9882ab123687399f934da0d45effe675ecc8ce13b40cb946f3e1d6141fe8d68\\"",
      "Type": "String",
    },
  },
  "Resources": Object {
    "BucketAccessPolicyE2FA1F7F": Object {
      "Properties": Object {
        "PolicyDocument": Object {
          "Statement": Array [
            Object {
              "Action": "s3:GetObject",
              "Effect": "Allow",
              "Resource": Object {
                "Fn::Join": Array [
                  "",
                  Array [
                    "arn:aws:s3:::",
                    Object {
                      "Ref": "ggBucket6E31AE57",
                    },
                    "/*",
                  ],
                ],
              },
            },
          ],
          "Version": "2012-10-17",
        },
        "PolicyName": "GGV2ComponentArtifactPolicy",
        "Roles": Array [
          "GreengrassV2TokenExchangeRole",
        ],
      },
      "Type": "AWS::IAM::Policy",
    },
    "CustomCDKBucketDeployment8693BB64968944B69AAFB0CC9EB8756C81C01536": Object {
      "DependsOn": Array [
        "CustomCDKBucketDeployment8693BB64968944B69AAFB0CC9EB8756CServiceRoleDefaultPolicy88902FDF",
        "CustomCDKBucketDeployment8693BB64968944B69AAFB0CC9EB8756CServiceRole89A01265",
      ],
      "Properties": Object {
        "Code": Object {
          "S3Bucket": Object {
            "Ref": "AssetParametersc24b999656e4fe6c609c31bae56a1cf4717a405619c3aa6ba1bc686b8c2c86cfS3Bucket55EFA30C",
          },
          "S3Key": Object {
            "Fn::Join": Array [
              "",
              Array [
                Object {
                  "Fn::Select": Array [
                    0,
                    Object {
                      "Fn::Split": Array [
                        "||",
                        Object {
                          "Ref": "AssetParametersc24b999656e4fe6c609c31bae56a1cf4717a405619c3aa6ba1bc686b8c2c86cfS3VersionKey60329B70",
                        },
                      ],
                    },
                  ],
                },
                Object {
                  "Fn::Select": Array [
                    1,
                    Object {
                      "Fn::Split": Array [
                        "||",
                        Object {
                          "Ref": "AssetParametersc24b999656e4fe6c609c31bae56a1cf4717a405619c3aa6ba1bc686b8c2c86cfS3VersionKey60329B70",
                        },
                      ],
                    },
                  ],
                },
              ],
            ],
          },
        },
        "Handler": "index.handler",
        "Layers": Array [
          Object {
            "Ref": "componentDeploymentAwsCliLayerE64ABD62",
          },
        ],
        "Role": Object {
          "Fn::GetAtt": Array [
            "CustomCDKBucketDeployment8693BB64968944B69AAFB0CC9EB8756CServiceRole89A01265",
            "Arn",
          ],
        },
        "Runtime": "python3.6",
        "Timeout": 900,
      },
      "Type": "AWS::Lambda::Function",
    },
    "CustomCDKBucketDeployment8693BB64968944B69AAFB0CC9EB8756CServiceRole89A01265": Object {
      "Properties": Object {
        "AssumeRolePolicyDocument": Object {
          "Statement": Array [
            Object {
              "Action": "sts:AssumeRole",
              "Effect": "Allow",
              "Principal": Object {
                "Service": "lambda.amazonaws.com",
              },
            },
          ],
          "Version": "2012-10-17",
        },
        "ManagedPolicyArns": Array [
          Object {
            "Fn::Join": Array [
              "",
              Array [
                "arn:",
                Object {
                  "Ref": "AWS::Partition",
                },
                ":iam::aws:policy/service-role/AWSLambdaBasicExecutionRole",
              ],
            ],
          },
        ],
      },
      "Type": "AWS::IAM::Role",
    },
    "CustomCDKBucketDeployment8693BB64968944B69AAFB0CC9EB8756CServiceRoleDefaultPolicy88902FDF": Object {
      "Properties": Object {
        "PolicyDocument": Object {
          "Statement": Array [
            Object {
              "Action": Array [
                "s3:GetObject*",
                "s3:GetBucket*",
                "s3:List*",
              ],
              "Effect": "Allow",
              "Resource": Array [
                Object {
                  "Fn::Join": Array [
                    "",
                    Array [
                      "arn:",
                      Object {
                        "Ref": "AWS::Partition",
                      },
                      ":s3:::",
                      Object {
                        "Ref": "AssetParameters8cb9c9d3e8d7c6d5edabcb692807b7e44de75b5abfed0d95b60eed636ef2a454S3BucketBC49F77C",
                      },
                    ],
                  ],
                },
                Object {
                  "Fn::Join": Array [
                    "",
                    Array [
                      "arn:",
                      Object {
                        "Ref": "AWS::Partition",
                      },
                      ":s3:::",
                      Object {
                        "Ref": "AssetParameters8cb9c9d3e8d7c6d5edabcb692807b7e44de75b5abfed0d95b60eed636ef2a454S3BucketBC49F77C",
                      },
                      "/*",
                    ],
                  ],
                },
              ],
            },
            Object {
              "Action": Array [
                "s3:GetObject*",
                "s3:GetBucket*",
                "s3:List*",
                "s3:DeleteObject*",
                "s3:PutObject*",
                "s3:Abort*",
              ],
              "Effect": "Allow",
              "Resource": Array [
                Object {
                  "Fn::GetAtt": Array [
                    "ggBucket6E31AE57",
                    "Arn",
                  ],
                },
                Object {
                  "Fn::Join": Array [
                    "",
                    Array [
                      Object {
                        "Fn::GetAtt": Array [
                          "ggBucket6E31AE57",
                          "Arn",
                        ],
                      },
                      "/*",
                    ],
                  ],
                },
              ],
            },
          ],
          "Version": "2012-10-17",
        },
        "PolicyName": "CustomCDKBucketDeployment8693BB64968944B69AAFB0CC9EB8756CServiceRoleDefaultPolicy88902FDF",
        "Roles": Array [
          Object {
            "Ref": "CustomCDKBucketDeployment8693BB64968944B69AAFB0CC9EB8756CServiceRole89A01265",
          },
        ],
      },
      "Type": "AWS::IAM::Policy",
    },
    "PubsubComponent": Object {
      "DependsOn": Array [
        "componentDeploymentAwsCliLayerE64ABD62",
        "componentDeploymentCustomResourceFB3DF128",
      ],
      "Properties": Object {
        "InlineRecipe": Object {
          "Fn::Join": Array [
            "",
            Array [
              "---
RecipeFormatVersion: 2020-01-25
ComponentName: com.amazon.greengrass2.cdk.demo.pubsub
ComponentDescription: PubSub component demo for GGv2
ComponentPublisher: Amazon
ComponentVersion: \\"1.0.0\\"
ComponentDependencies:
  awsiot.greengrasscoreipc.client:
    VersionRequirement: \\">=0.0.0\\"
    DependencyType: HARD
  awsiot.greengrasscoreipc.model:
    VersionRequirement: \\">=0.0.0\\"
    DependencyType: HARD
Manifests:
  - Platform:
      os: linux
      architecture: all
    Lifecycle:
      Install:
        Skipif: onpath python
        Script: sudo apt-get install python
      Run: |
        ln -f -s -t . {artifacts:path}/*; python pubsub.py\\"
    Artifacts:
      - URI: s3://",
              Object {
                "Ref": "ggBucket6E31AE57",
              },
              "/pubsub.py
",
            ],
          ],
        },
      },
      "Type": "AWS::GreengrassV2::ComponentVersion",
    },
    "componentDeploymentAwsCliLayerE64ABD62": Object {
      "DependsOn": Array [
        "ggBucket6E31AE57",
      ],
      "Properties": Object {
        "Content": Object {
          "S3Bucket": Object {
            "Ref": "AssetParameterse9882ab123687399f934da0d45effe675ecc8ce13b40cb946f3e1d6141fe8d68S3BucketAEADE8C7",
          },
          "S3Key": Object {
            "Fn::Join": Array [
              "",
              Array [
                Object {
                  "Fn::Select": Array [
                    0,
                    Object {
                      "Fn::Split": Array [
                        "||",
                        Object {
                          "Ref": "AssetParameterse9882ab123687399f934da0d45effe675ecc8ce13b40cb946f3e1d6141fe8d68S3VersionKeyE415415F",
                        },
                      ],
                    },
                  ],
                },
                Object {
                  "Fn::Select": Array [
                    1,
                    Object {
                      "Fn::Split": Array [
                        "||",
                        Object {
                          "Ref": "AssetParameterse9882ab123687399f934da0d45effe675ecc8ce13b40cb946f3e1d6141fe8d68S3VersionKeyE415415F",
                        },
                      ],
                    },
                  ],
                },
              ],
            ],
          },
        },
        "Description": "/opt/awscli/aws",
      },
      "Type": "AWS::Lambda::LayerVersion",
    },
    "componentDeploymentCustomResourceFB3DF128": Object {
      "DeletionPolicy": "Delete",
      "DependsOn": Array [
        "ggBucket6E31AE57",
      ],
      "Properties": Object {
        "DestinationBucketName": Object {
          "Ref": "ggBucket6E31AE57",
        },
        "Prune": true,
        "ServiceToken": Object {
          "Fn::GetAtt": Array [
            "CustomCDKBucketDeployment8693BB64968944B69AAFB0CC9EB8756C81C01536",
            "Arn",
          ],
        },
        "SourceBucketNames": Array [
          Object {
            "Ref": "AssetParameters8cb9c9d3e8d7c6d5edabcb692807b7e44de75b5abfed0d95b60eed636ef2a454S3BucketBC49F77C",
          },
        ],
        "SourceObjectKeys": Array [
          Object {
            "Fn::Join": Array [
              "",
              Array [
                Object {
                  "Fn::Select": Array [
                    0,
                    Object {
                      "Fn::Split": Array [
                        "||",
                        Object {
                          "Ref": "AssetParameters8cb9c9d3e8d7c6d5edabcb692807b7e44de75b5abfed0d95b60eed636ef2a454S3VersionKey134A241F",
                        },
                      ],
                    },
                  ],
                },
                Object {
                  "Fn::Select": Array [
                    1,
                    Object {
                      "Fn::Split": Array [
                        "||",
                        Object {
                          "Ref": "AssetParameters8cb9c9d3e8d7c6d5edabcb692807b7e44de75b5abfed0d95b60eed636ef2a454S3VersionKey134A241F",
                        },
                      ],
                    },
                  ],
                },
              ],
            ],
          },
        ],
      },
      "Type": "Custom::CDKBucketDeployment",
      "UpdateReplacePolicy": "Delete",
    },
    "ggBucket6E31AE57": Object {
      "DeletionPolicy": "Retain",
      "Type": "AWS::S3::Bucket",
      "UpdateReplacePolicy": "Retain",
    },
  },
}
`;
